[2026-02-07 20:54:49] INFO REQUEST
Trying: https://xpos.aidocs.uz/yt_info.php?info=1&url=https%3A%2F%2Fwww.youtube.com%2Fwatch%3Fv%3DrAkp45Ek4ys%26list%3DRDGMEMQ1dJ7wXfLlqCjwV0xfSNbAVMrAkp45Ek4ys%26start_radio%3D1
API 1 (yt_info.php) - HTTP Code: 504
CURL Error: None
CURL Errno: 0
Response Length: 176 bytes
Response Preview: <html>
<head><title>504 Gateway Time-out</title></head>
<body>
<center><h1>504 Gateway Time-out</h1></center>
<hr><center>nginx/1.18.0 (Ubuntu)</center>
</body>
</html>

ERROR: VPS serverda xatolik yuz berdi (HTTP 504) (CURL Errno: 0)
Used API: https://xpos.aidocs.uz/yt_info.php?info=1&url=https%3A%2F%2Fwww.youtube.com%2Fwatch%3Fv%3DrAkp45Ek4ys%26list%3DRDGMEMQ1dJ7wXfLlqCjwV0xfSNbAVMrAkp45Ek4ys%26start_radio%3D1

[2026-02-08 10:51:43] INFO REQUEST
Trying: http://95.111.250.26/yt_info.php?info=1&url=https%3A%2F%2Fwww.youtube.com%2Fwatch%3Fv%3DXww1EeTdt7I%26list%3DRDXww1EeTdt7I%26start_radio%3D1
API 1 (yt_info.php) - HTTP Code: 0
CURL Error: Operation timed out after 90012 milliseconds with 0 bytes received
CURL Errno: 28
Response Length: 0 bytes
ERROR: VPS API so'rovni bajarishda vaqt tugadi (Timeout). Iltimos, qaytadan urinib ko'ring yoki URL manzilini tekshiring. (CURL Errno: 28)
Used API: http://95.111.250.26/yt_info.php?info=1&url=https%3A%2F%2Fwww.youtube.com%2Fwatch%3Fv%3DXww1EeTdt7I%26list%3DRDXww1EeTdt7I%26start_radio%3D1

[2026-02-08 10:53:21] INFO REQUEST
Trying: http://95.111.250.26/yt_info.php?info=1&url=https%3A%2F%2Fwww.youtube.com%2Fshorts%2FGPtDsVj7zdA
API 1 (yt_info.php) - HTTP Code: 200
CURL Error: None
CURL Errno: 0
Response Length: 949 bytes
Response Preview: {"error":"Video ma'lumotlari olinmadi","raw":"WARNING: [youtube] No supported JavaScript runtime could be found. Only deno is enabled by default; to use another runtime add  --js-runtimes RUNTIME[:PATH]  to your command\/config. YouTube extraction without a JS runtime has been deprecated, and some formats may be missing. See  https:\/\/github.com\/yt-dlp\/yt-dlp\/wiki\/EJS  for details on installing one\nWARNING: [youtube] No title found in player responses; falling back to title from initial da
JSON Decode Error: None

[2026-02-08 10:53:29] VPS STREAM SUCCESS
URL: http://95.111.250.26/yt_api.php?url=https%3A%2F%2Fwww.youtube.com%2Fshorts%2FGPtDsVj7zdA
HTTP Code: 200

[2026-02-08 15:42:06] INFO REQUEST
Trying: http://95.111.250.26/yt_info.php?info=1&url=https%3A%2F%2Fwww.youtube.com%2Fshorts%2FPGpRrRJcQ9o
API 1 (yt_info.php) - HTTP Code: 200
CURL Error: None
CURL Errno: 0
Response Length: 949 bytes
Response Preview: {"error":"Video ma'lumotlari olinmadi","raw":"WARNING: [youtube] No supported JavaScript runtime could be found. Only deno is enabled by default; to use another runtime add  --js-runtimes RUNTIME[:PATH]  to your command\/config. YouTube extraction without a JS runtime has been deprecated, and some formats may be missing. See  https:\/\/github.com\/yt-dlp\/yt-dlp\/wiki\/EJS  for details on installing one\nWARNING: [youtube] No title found in player responses; falling back to title from initial da
JSON Decode Error: None

[2026-02-08 15:45:11] INFO REQUEST
Trying: http://localhost/ytdownloader/yt_info.php?url=https%3A%2F%2Fwww.youtube.com%2Fshorts%2FPGpRrRJcQ9o
API 1 (yt_info.php) - HTTP Code: 200
CURL Error: None
CURL Errno: 0
Response Length: 2 bytes
Response Preview: 

JSON Decode Error: Syntax error
ERROR: Invalid JSON response

[2026-02-08 15:46:02] INFO REQUEST
Trying: http://localhost/ytdownloader/yt_info.php?url=https%3A%2F%2Fwww.youtube.com%2Fshorts%2FPGpRrRJcQ9o
API 1 (yt_info.php) - HTTP Code: 200
CURL Error: None
CURL Errno: 0
Response Length: 2 bytes
Response Preview: 

JSON Decode Error: Syntax error
ERROR: Invalid JSON response

[2026-02-08 15:46:05] INFO REQUEST
Trying: http://localhost/ytdownloader/yt_info.php?url=https%3A%2F%2Fwww.youtube.com%2Fshorts%2FPGpRrRJcQ9o
API 1 (yt_info.php) - HTTP Code: 200
CURL Error: None
CURL Errno: 0
Response Length: 2 bytes
Response Preview: 

JSON Decode Error: Syntax error
ERROR: Invalid JSON response

[2026-02-08 15:46:34] INFO REQUEST
Trying: http://localhost/ytdownloader/yt_info.php?url=https%3A%2F%2Fwww.youtube.com%2Fshorts%2FPGpRrRJcQ9o
API 1 (yt_info.php) - HTTP Code: 200
CURL Error: None
CURL Errno: 0
Response Length: 2 bytes
Response Preview: 

JSON Decode Error: Syntax error
ERROR: Invalid JSON response

[2026-02-08 15:49:17] INFO REQUEST
Trying: http://localhost/ytdownloader/yt_info.php?url=https%3A%2F%2Fwww.youtube.com%2Fshorts%2FPGpRrRJcQ9o
API 1 (yt_info.php) - HTTP Code: 200
CURL Error: None
CURL Errno: 0
Response Length: 2 bytes
Response Preview: 

JSON Decode Error: Syntax error
ERROR: Invalid JSON response

[2026-02-08 15:49:19] INFO REQUEST
Trying: http://localhost/ytdownloader/yt_info.php?url=https%3A%2F%2Fwww.youtube.com%2Fshorts%2FPGpRrRJcQ9o
API 1 (yt_info.php) - HTTP Code: 200
CURL Error: None
CURL Errno: 0
Response Length: 2 bytes
Response Preview: 

JSON Decode Error: Syntax error
ERROR: Invalid JSON response

[2026-02-08 15:51:33] INFO REQUEST
Trying: http://localhost/ytdownloader/yt_info.php?url=https%3A%2F%2Fwww.youtube.com%2Fshorts%2FPGpRrRJcQ9o
API 1 (yt_info.php) - HTTP Code: 200
CURL Error: None
CURL Errno: 0
Response Length: 76466 bytes
Response Preview: {"error":"Video ma'lumotlari olinmadi","raw":"WARNING: [youtube] No supported JavaScript runtime could be found. Only deno is enabled by default; to use another runtime add  --js-runtimes RUNTIME[:PATH]  to your command\/config. YouTube extraction without a JS runtime has been deprecated, and some formats may be missing. See  https:\/\/github.com\/yt-dlp\/yt-dlp\/wiki\/EJS  for details on installing one\nWARNING: ffmpeg not found. The downloaded format may not be the best available. Installing f
JSON Decode Error: None
SUCCESS: JSON extracted from raw output
Video Title: ВАНЯ-ГЕРОЙ🙏🙏🙏

[2026-02-08 15:51:41] VPS STREAM SUCCESS
URL: http://localhost/ytdownloader/yt_api.php?url=https%3A%2F%2Fwww.youtube.com%2Fshorts%2FPGpRrRJcQ9o
HTTP Code: 200

[2026-02-08 15:51:54] VPS STREAM SUCCESS
URL: http://localhost/ytdownloader/yt_api.php?url=https%3A%2F%2Fwww.youtube.com%2Fshorts%2FPGpRrRJcQ9o
HTTP Code: 200

[2026-02-08 15:52:08] INFO REQUEST
Trying: http://localhost/ytdownloader/yt_info.php?url=https%3A%2F%2Fwww.youtube.com%2Fwatch%3Fv%3DXww1EeTdt7I%26list%3DRDMMXww1EeTdt7I%26start_radio%3D1
API 1 (yt_info.php) - HTTP Code: 0
CURL Error: Operation timed out after 90000 milliseconds with 0 bytes received
CURL Errno: 28
Response Length: 0 bytes
ERROR: VPS API so'rovni bajarishda vaqt tugadi (Timeout). Iltimos, qaytadan urinib ko'ring yoki URL manzilini tekshiring. (CURL Errno: 28)
Used API: http://localhost/ytdownloader/yt_info.php?url=https%3A%2F%2Fwww.youtube.com%2Fwatch%3Fv%3DXww1EeTdt7I%26list%3DRDMMXww1EeTdt7I%26start_radio%3D1

[2026-02-08 15:57:46] INFO REQUEST
Trying: http://localhost/ytdownloader/yt_info.php?url=https%3A%2F%2Fwww.youtube.com%2Fwatch%3Fv%3DXww1EeTdt7I%26list%3DRDMMXww1EeTdt7I%26start_radio%3D1
API 1 (yt_info.php) - HTTP Code: 0
CURL Error: Operation timed out after 180006 milliseconds with 0 bytes received
CURL Errno: 28
Response Length: 0 bytes
ERROR: VPS API so'rovni bajarishda vaqt tugadi (Timeout). Iltimos, qaytadan urinib ko'ring yoki URL manzilini tekshiring. (CURL Errno: 28)
Used API: http://localhost/ytdownloader/yt_info.php?url=https%3A%2F%2Fwww.youtube.com%2Fwatch%3Fv%3DXww1EeTdt7I%26list%3DRDMMXww1EeTdt7I%26start_radio%3D1

[2026-02-09 18:28:33] RAPIDAPI REQUEST
Video URL: https://www.youtube.com/watch?v=Xww1EeTdt7I&list=RDXww1EeTdt7I&start_radio=1
ERROR: API Error: HTTP 403

[2026-02-09 18:30:52] RAPIDAPI REQUEST
Video URL: https://www.youtube.com/watch?v=Xww1EeTdt7I&list=RDXww1EeTdt7I&start_radio=1
ERROR: API Error: HTTP 403

[2026-02-09 18:33:38] RAPIDAPI REQUEST
Video URL: https://www.youtube.com/watch?v=Xww1EeTdt7I&list=RDXww1EeTdt7I&start_radio=1
ERROR: API Error: HTTP 403

[2026-02-16 16:41:08] RAPIDAPI REQUEST
Video URL: https://www.youtube.com/shorts/5ZAtIYgHrsI
ERROR: API Error: HTTP 403

[2026-02-16 16:49:40] RAPIDAPI REQUEST
Video URL: https://www.youtube.com/shorts/5ZAtIYgHrsI
ERROR: API Error: HTTP 403

[2026-02-16 16:57:57] RAPIDAPI REQUEST
Video URL: https://www.youtube.com/shorts/5ZAtIYgHrsI
SUCCESS: Video info received
Title: The boys fled on their motorcycles.70#funny
Formats: 2

[2026-02-16 16:58:34] RAPIDAPI REQUEST
Video URL: https://www.youtube.com/watch?v=Xww1EeTdt7I&list=RDXww1EeTdt7I&start_radio=1
SUCCESS: Video info received
Title: شيماء الراسي - الطـيبة غلط مو صح - ميلـي وبخصرك ميلي 2025
Formats: 5

[2026-02-16 17:03:56] RAPIDAPI REQUEST
Video URL: https://www.youtube.com/watch?v=Xww1EeTdt7I&list=RDXww1EeTdt7I&start_radio=1
SUCCESS: Video info received
Title: شيماء الراسي - الطـيبة غلط مو صح - ميلـي وبخصرك ميلي 2025
Formats: 5

[2026-02-16 17:04:24] RAPIDAPI REQUEST
Video URL: https://www.youtube.com/watch?v=Xww1EeTdt7I&list=RDXww1EeTdt7I&start_radio=1
SUCCESS: Video info received
Title: شيماء الراسي - الطـيبة غلط مو صح - ميلـي وبخصرك ميلي 2025
Formats: 5

[2026-02-16 17:05:23] RAPIDAPI REQUEST
Video URL: https://www.youtube.com/watch?v=hEHhLtE_NxY&list=RDXww1EeTdt7I&index=4
SUCCESS: Video info received
Title: Peshraw Hawrami - Chakrdi (Zdiib Remix) 🔥 أروع اغنيه كرديه - شاكردى ريمكس 2025
Formats: 5

[2026-02-16 17:10:05] RAPIDAPI REQUEST
Video URL: https://www.youtube.com/watch?v=hEHhLtE_NxY&list=RDXww1EeTdt7I&index=4
SUCCESS: Video info received
Title: Peshraw Hawrami - Chakrdi (Zdiib Remix) 🔥 أروع اغنيه كرديه - شاكردى ريمكس 2025
Formats: 5

[2026-02-16 17:10:37] RAPIDAPI REQUEST
Video URL: https://www.youtube.com/watch?v=hEHhLtE_NxY&list=RDXww1EeTdt7I&index=4
SUCCESS: Video info received
Title: Peshraw Hawrami - Chakrdi (Zdiib Remix) 🔥 أروع اغنيه كرديه - شاكردى ريمكس 2025
Formats: 5

[2026-02-16 17:16:17] RAPIDAPI REQUEST
Video URL: https://www.youtube.com/watch?v=hEHhLtE_NxY&list=RDXww1EeTdt7I&index=4
SUCCESS: Video info received
Title: Peshraw Hawrami - Chakrdi (Zdiib Remix) 🔥 أروع اغنيه كرديه - شاكردى ريمكس 2025
Formats: 5

[2026-02-16 17:16:32] RAPIDAPI REQUEST
Video URL: https://www.youtube.com/watch?v=hEHhLtE_NxY&list=RDXww1EeTdt7I&index=4
SUCCESS: Video info received
Title: Peshraw Hawrami - Chakrdi (Zdiib Remix) 🔥 أروع اغنيه كرديه - شاكردى ريمكس 2025
Formats: 5

[2026-02-16 17:16:36] STREAM ERROR
CURL Error: Failed to connect to 0.0.0.1 port 80 after 0 ms: Couldn't connect to server
CURL Errno: 7

[2026-02-16 17:16:53] RAPIDAPI REQUEST
Video URL: https://www.youtube.com/watch?v=hEHhLtE_NxY&list=RDXww1EeTdt7I&index=4
SUCCESS: Video info received
Title: Peshraw Hawrami - Chakrdi (Zdiib Remix) 🔥 أروع اغنيه كرديه - شاكردى ريمكس 2025
Formats: 5

[2026-02-16 17:17:04] STREAM ERROR
CURL Error: Failed to connect to 0.0.0.1 port 80 after 0 ms: Couldn't connect to server
CURL Errno: 7

[2026-02-16 17:30:21] RAPIDAPI REQUEST
Video URL: https://www.youtube.com/watch?v=hEHhLtE_NxY&list=RDXww1EeTdt7I&index=4
SUCCESS: Video info received
Title: Peshraw Hawrami - Chakrdi (Zdiib Remix) 🔥 أروع اغنيه كرديه - شاكردى ريمكس 2025
Formats: 5

[2026-02-16 17:33:36] RAPIDAPI REQUEST
Video URL: https://www.youtube.com/watch?v=hEHhLtE_NxY&list=RDXww1EeTdt7I&index=4
ERROR: API Error: HTTP 403 - {"message":"You are not subscribed to this API."}

[2026-02-16 17:38:30] RAPIDAPI REQUEST
Video URL: https://www.youtube.com/watch?v=hEHhLtE_NxY&list=RDXww1EeTdt7I&index=4
SUCCESS: Video info received
Title: Peshraw Hawrami - Chakrdi (Zdiib Remix) 🔥 أروع اغنيه كرديه - شاكردى ريمكس 2025
Formats: 5

[2026-02-16 17:48:36] RAPIDAPI REQUEST
Video URL: https://www.youtube.com/watch?v=hEHhLtE_NxY&list=RDXww1EeTdt7I&index=4
SUCCESS: Video info received
Title: Peshraw Hawrami - Chakrdi (Zdiib Remix) 🔥 أروع اغنيه كرديه - شاكردى ريمكس 2025
Formats: 5

[2026-02-16 17:48:42] START ASYNC: {"jobId":"a3cc0d0f-e79b-4a9f-ace1-bf82dc198a4d","status":"queued","statusUrl":"https://youtubedownloadapi.com/yt-api/v1/status/a3cc0d0f-e79b-4a9f-ace1-bf82dc198a4d","estimatedTime":"10-20s","queuePosition":1,"type":"processed","directDownload":false} | Err: 
[2026-02-16 17:52:11] RAPIDAPI REQUEST
Video URL: https://www.youtube.com/watch?v=hEHhLtE_NxY&list=RDXww1EeTdt7I&index=4
SUCCESS: Video info received
Title: Peshraw Hawrami - Chakrdi (Zdiib Remix) 🔥 أروع اغنيه كرديه - شاكردى ريمكس 2025
Formats: 5

[2026-02-16 17:52:15] START ASYNC: {"downloadUrl":"https://rr3---sn-p5qlsndr.googlevideo.com/videoplayback?expire=1771279511&ei=N0CTafPlIsiHr9gP3PjL2Ac&ip=206.245.147.201&id=o-AKJfxcORG4Ni4lMZ_-jT9ERh5plpP6ekd4LxpR-b59yq&itag=18&source=youtube&requiressl=yes&xpc=EgVo2aDSNQ%3D%3D&met=1771257911%2C&mh=bZ&mm=31%2C29&mn=sn-p5qlsndr%2Csn-p5qddn7r&ms=au%2Crdu&mv=m&mvi=3&pl=21&rms=au%2Cau&initcwndbps=2216250&bui=AVNa5-xKnRXrdF_ZYGk0QMNUgS720R1bd7xipFDjG6r50tFRPUYamp84QCR5z6XfHnlwZaoplPCTAqw5&spc=6dlaFCYcQ_0jOXZQGB7RV0T8ZPq1B73Yt-MtetXmtAPOvUG7ijDY2X_K__vxYKBMW1U&vprv=1&svpuc=1&mime=video%2Fmp4&rqh=1&gir=yes&clen=6206679&ratebypass=yes&dur=136.881&lmt=1753883499097558&mt=1771257508&fvip=3&fexp=51552689%2C51565116%2C51565682%2C51580968%2C51772949&c=ANDROID&txp=5538534&sparams=expire%2Cei%2Cip%2Cid%2Citag%2Csource%2Crequiressl%2Cxpc%2Cbui%2Cspc%2Cvprv%2Csvpuc%2Cmime%2Crqh%2Cgir%2Cclen%2Cratebypass%2Cdur%2Clmt&sig=AJEij0EwRAIgKFmDaoAK-tX8BNgbr98BCicjGsEgSXHmuPWBGZdb3qACIC4dEThgND6nSpWnuFoOub1a9wD3XBttMdOj5DvIm8dc&lsparams=met%2Cmh%2Cmm%2Cmn%2Cms%2Cmv%2Cmvi%2Cpl%2Crms%2Cinitcwndbps&lsig=APaTxxMwRgIhALF1WLLlEB6bH3wZZazUc1gXPgkT-lQVS5RemClsLSvRAiEA7dkG4M439kiAmK8tycUw1RaVwRtoUUz0LwKu3zC0bJU%3D","filename":"Peshraw Hawrami - Chakrdi (Zdiib Remix) 🔥 أروع اغنيه كرديه - شاكردى ريمكس 2025_360p.mp4","fileSize":6206679,"processingTime":"instant","type":"stream","streamUrl":"https://rr3---sn-p5qlsndr.googlevideo.com/videoplayback?expire=1771279511&ei=N0CTafPlIsiHr9gP3PjL2Ac&ip=206.245.147.201&id=o-AKJfxcORG4Ni4lMZ_-jT9ERh5plpP6ekd4LxpR-b59yq&itag=18&source=youtube&requiressl=yes&xpc=EgVo2aDSNQ%3D%3D&met=1771257911%2C&mh=bZ&mm=31%2C29&mn=sn-p5qlsndr%2Csn-p5qddn7r&ms=au%2Crdu&mv=m&mvi=3&pl=21&rms=au%2Cau&initcwndbps=2216250&bui=AVNa5-xKnRXrdF_ZYGk0QMNUgS720R1bd7xipFDjG6r50tFRPUYamp84QCR5z6XfHnlwZaoplPCTAqw5&spc=6dlaFCYcQ_0jOXZQGB7RV0T8ZPq1B73Yt-MtetXmtAPOvUG7ijDY2X_K__vxYKBMW1U&vprv=1&svpuc=1&mime=video%2Fmp4&rqh=1&gir=yes&clen=6206679&ratebypass=yes&dur=136.881&lmt=1753883499097558&mt=1771257508&fvip=3&fexp=51552689%2C51565116%2C51565682%2C51580968%2C51772949&c=ANDROID&txp=5538534&sparams=expire%2Cei%2Cip%2Cid%2Citag%2Csource%2Crequiressl%2Cxpc%2Cbui%2Cspc%2Cvprv%2Csvpuc%2Cmime%2Crqh%2Cgir%2Cclen%2Cratebypass%2Cdur%2Clmt&sig=AJEij0EwRAIgKFmDaoAK-tX8BNgbr98BCicjGsEgSXHmuPWBGZdb3qACIC4dEThgND6nSpWnuFoOub1a9wD3XBttMdOj5DvIm8dc&lsparams=met%2Cmh%2Cmm%2Cmn%2Cms%2Cmv%2Cmvi%2Cpl%2Crms%2Cinitcwndbps&lsig=APaTxxMwRgIhALF1WLLlEB6bH3wZZazUc1gXPgkT-lQVS5RemClsLSvRAiEA7dkG4M439kiAmK8tycUw1RaVwRtoUUz0LwKu3zC0bJU%3D","directDownload":true,"openInNewTab":true} | Err: 
[2026-02-16 17:52:29] START ASYNC: {"error":"Requested format not available"} | Err: 
[2026-02-16 17:52:38] START ASYNC: {"jobId":"fae6d20a-0663-4800-be08-75aa7d428f3e","status":"queued","statusUrl":"https://youtubedownloadapi.com/yt-api/v1/status/fae6d20a-0663-4800-be08-75aa7d428f3e","estimatedTime":"10-20s","queuePosition":1,"type":"processed","directDownload":false} | Err: 
[2026-02-16 18:01:43] RAPIDAPI REQUEST
Video URL: https://www.youtube.com/watch?v=hEHhLtE_NxY&list=RDXww1EeTdt7I&index=4
SUCCESS: Video info received
Title: Peshraw Hawrami - Chakrdi (Zdiib Remix) 🔥 أروع اغنيه كرديه - شاكردى ريمكس 2025
Formats: 5

[2026-02-16 18:01:54] START ASYNC: {"downloadUrl":"https://rr3---sn-p5qddn7r.googlevideo.com/videoplayback?expire=1771282891&ei=a02TaZvDH7KdkucP1f7E-AE&ip=206.245.145.180&id=o-AFvWC5OnODL1taF3py-BpgH_FUI2om9oBHbbD66dJ4lo&itag=18&source=youtube&requiressl=yes&xpc=EgVo2aDSNQ%3D%3D&met=1771261291%2C&mh=bZ&mm=31%2C29&mn=sn-p5qddn7r%2Csn-p5qlsndr&ms=au%2Crdu&mv=m&mvi=3&pl=21&rms=au%2Cau&initcwndbps=2250000&bui=AVNa5-w73UMAHlnrnpia9Xagfa7n3uDvgkLsgExdFt78oaeToDwUQ90yF8WSAUgaMbUJEdKeT5LuU5rw&spc=6dlaFJvkzptZu8GZu0noyc5oDPnDlvN6WCv0XGmEu7Ek2aOM9Jpc3Bgi3XKjWkE7krU&vprv=1&svpuc=1&mime=video%2Fmp4&rqh=1&gir=yes&clen=6206679&ratebypass=yes&dur=136.881&lmt=1753883499097558&mt=1771260847&fvip=3&fexp=51552689%2C51565115%2C51565681%2C51580968%2C51772949&c=ANDROID&txp=5538534&sparams=expire%2Cei%2Cip%2Cid%2Citag%2Csource%2Crequiressl%2Cxpc%2Cbui%2Cspc%2Cvprv%2Csvpuc%2Cmime%2Crqh%2Cgir%2Cclen%2Cratebypass%2Cdur%2Clmt&sig=AJEij0EwRQIhANDlxNP2ZJJSSLUPiFFsZI6mP_7Kg-ik2vD-MbP_uEOVAiA1dNhd_n2geuyJBaF1-eVK-uFFNqf_s5kq6QXZfxAcMw%3D%3D&lsparams=met%2Cmh%2Cmm%2Cmn%2Cms%2Cmv%2Cmvi%2Cpl%2Crms%2Cinitcwndbps&lsig=APaTxxMwRgIhAOKH0-7Omu3z0rT2fiQXELtdy5_Z8DDx8mb1Foeoy647AiEA-WTvJoEqUT8KVIwn0ydZyd_A3g1pI1tzL40sPEH-o58%3D","filename":"Peshraw Hawrami - Chakrdi (Zdiib Remix) 🔥 أروع اغنيه كرديه - شاكردى ريمكس 2025_360p.mp4","fileSize":6206679,"processingTime":"instant","type":"stream","streamUrl":"https://rr3---sn-p5qddn7r.googlevideo.com/videoplayback?expire=1771282891&ei=a02TaZvDH7KdkucP1f7E-AE&ip=206.245.145.180&id=o-AFvWC5OnODL1taF3py-BpgH_FUI2om9oBHbbD66dJ4lo&itag=18&source=youtube&requiressl=yes&xpc=EgVo2aDSNQ%3D%3D&met=1771261291%2C&mh=bZ&mm=31%2C29&mn=sn-p5qddn7r%2Csn-p5qlsndr&ms=au%2Crdu&mv=m&mvi=3&pl=21&rms=au%2Cau&initcwndbps=2250000&bui=AVNa5-w73UMAHlnrnpia9Xagfa7n3uDvgkLsgExdFt78oaeToDwUQ90yF8WSAUgaMbUJEdKeT5LuU5rw&spc=6dlaFJvkzptZu8GZu0noyc5oDPnDlvN6WCv0XGmEu7Ek2aOM9Jpc3Bgi3XKjWkE7krU&vprv=1&svpuc=1&mime=video%2Fmp4&rqh=1&gir=yes&clen=6206679&ratebypass=yes&dur=136.881&lmt=1753883499097558&mt=1771260847&fvip=3&fexp=51552689%2C51565115%2C51565681%2C51580968%2C51772949&c=ANDROID&txp=5538534&sparams=expire%2Cei%2Cip%2Cid%2Citag%2Csource%2Crequiressl%2Cxpc%2Cbui%2Cspc%2Cvprv%2Csvpuc%2Cmime%2Crqh%2Cgir%2Cclen%2Cratebypass%2Cdur%2Clmt&sig=AJEij0EwRQIhANDlxNP2ZJJSSLUPiFFsZI6mP_7Kg-ik2vD-MbP_uEOVAiA1dNhd_n2geuyJBaF1-eVK-uFFNqf_s5kq6QXZfxAcMw%3D%3D&lsparams=met%2Cmh%2Cmm%2Cmn%2Cms%2Cmv%2Cmvi%2Cpl%2Crms%2Cinitcwndbps&lsig=APaTxxMwRgIhAOKH0-7Omu3z0rT2fiQXELtdy5_Z8DDx8mb1Foeoy647AiEA-WTvJoEqUT8KVIwn0ydZyd_A3g1pI1tzL40sPEH-o58%3D","directDownload":true,"openInNewTab":true} | Err: 
[2026-02-16 18:02:04] START ASYNC: {"jobId":"f32bab11-d2c1-418e-9fc6-3388b7eed79e","status":"queued","statusUrl":"https://youtubedownloadapi.com/yt-api/v1/status/f32bab11-d2c1-418e-9fc6-3388b7eed79e","estimatedTime":"10-20s","queuePosition":1,"type":"processed","directDownload":false} | Err: 
[2026-02-16 18:12:46] RAPIDAPI REQUEST
Video URL: https://www.youtube.com/watch?v=hEHhLtE_NxY&list=RDXww1EeTdt7I&index=4
SUCCESS: Video info received
Title: Peshraw Hawrami - Chakrdi (Zdiib Remix) 🔥 أروع اغنيه كرديه - شاكردى ريمكس 2025
Formats: 5

[2026-02-16 18:12:51] START ASYNC: {"error":"Requested format not available"} | Err: 
[2026-02-16 18:13:21] START ASYNC: {"error":"Requested format not available"} | Err: 
[2026-02-16 18:17:59] RAPIDAPI REQUEST
Video URL: https://www.youtube.com/watch?v=hEHhLtE_NxY&list=RDXww1EeTdt7I&index=4
SUCCESS: Video info received
Title: Peshraw Hawrami - Chakrdi (Zdiib Remix) 🔥 أروع اغنيه كرديه - شاكردى ريمكس 2025
Formats: 5

[2026-02-16 18:20:32] RAPIDAPI REQUEST
Video URL: https://www.youtube.com/watch?v=hEHhLtE_NxY&list=RDXww1EeTdt7I&index=4
SUCCESS: Video info received
Title: Peshraw Hawrami - Chakrdi (Zdiib Remix) 🔥 أروع اغنيه كرديه - شاكردى ريمكس 2025
Formats: 5

[2026-02-16 18:23:42] RAPIDAPI REQUEST
Video URL: https://www.youtube.com/watch?v=hEHhLtE_NxY&list=RDXww1EeTdt7I&index=4
ERROR: API Error: HTTP 429 - {"message":"You have exceeded the MONTHLY quota for Requests on your current plan, BASIC. Upgrade your plan at https:\/\/rapidapi.com\/KvnqPoza\/api\/yt-video-audio-downloader-api"}

[2026-02-16 18:40:52] RAPIDAPI REQUEST
Video URL: https://www.youtube.com/watch?v=hEHhLtE_NxY&list=RDXww1EeTdt7I&index=4
SUCCESS: Video info received
Title: Peshraw Hawrami - Chakrdi (Zdiib Remix) 🔥 أروع اغنيه كرديه - شاكردى ريمكس 2025
Formats: 5

[2026-02-16 18:40:57] START ASYNC: {"error":"Requested format not available"} | Err: 
[2026-02-16 18:46:32] RAPIDAPI REQUEST
Video URL: https://www.youtube.com/watch?v=MQs7QB_UKGs&list=RDXww1EeTdt7I&index=3
SUCCESS: Video info received
Title: شيماء الراسي - أوقعلك جوا أسمي - يلأسمر اللون | 2025
Formats: 5

[2026-02-16 18:49:03] RAPIDAPI REQUEST
Video URL: https://www.youtube.com/watch?v=MQs7QB_UKGs&list=RDXww1EeTdt7I&index=3
SUCCESS: Video info received
Title: شيماء الراسي - أوقعلك جوا أسمي - يلأسمر اللون | 2025
Formats: 5

